[INFO] Scanning for projects...
[INFO] 
[INFO] ---------------------< com.skaly:fashion-backend >----------------------
[INFO] Building Fashion Backend 0.0.1-SNAPSHOT
[INFO]   from pom.xml
[INFO] --------------------------------[ jar ]---------------------------------
[INFO] 
[INFO] --- clean:3.4.0:clean (default-clean) @ fashion-backend ---
[INFO] Deleting D:\CodeFile\Fashion-Graduation-Thesis\backend\target
[INFO] 
[INFO] --- resources:3.3.1:resources (default-resources) @ fashion-backend ---
[INFO] Copying 1 resource from src\main\resources to target\classes
[INFO] Copying 0 resource from src\main\resources to target\classes
[INFO] 
[INFO] --- compiler:3.13.0:compile (default-compile) @ fashion-backend ---
[INFO] Recompiling the module because of changed source code.
[INFO] Compiling 50 source files with javac [debug parameters release 21] to target\classes
[INFO] -------------------------------------------------------------
[ERROR] COMPILATION ERROR : 
[INFO] -------------------------------------------------------------
[ERROR] /D:/CodeFile/Fashion-Graduation-Thesis/backend/src/main/java/com/skaly/fashion_backend/common/DataSeeder.java:[63,83] cannot find symbol
  symbol:   method description(java.lang.String)
  location: class com.skaly.fashion_backend.product.Category.CategoryBuilder
[ERROR] /D:/CodeFile/Fashion-Graduation-Thesis/backend/src/main/java/com/skaly/fashion_backend/common/DataSeeder.java:[65,75] cannot find symbol
  symbol:   method description(java.lang.String)
  location: class com.skaly.fashion_backend.product.Category.CategoryBuilder
[ERROR] /D:/CodeFile/Fashion-Graduation-Thesis/backend/src/main/java/com/skaly/fashion_backend/common/DataSeeder.java:[67,85] cannot find symbol
  symbol:   method description(java.lang.String)
  location: class com.skaly.fashion_backend.product.Category.CategoryBuilder
[INFO] 3 errors 
[INFO] -------------------------------------------------------------
[INFO] ------------------------------------------------------------------------
[INFO] BUILD FAILURE
[INFO] ------------------------------------------------------------------------
[INFO] Total time:  10.474 s
[INFO] Finished at: 2026-02-02T17:13:04+07:00
[INFO] ------------------------------------------------------------------------
[ERROR] Failed to execute goal org.apache.maven.plugins:maven-compiler-plugin:3.13.0:compile (default-compile) on project fashion-backend: Compilation failure: Compilation failure: 
[ERROR] /D:/CodeFile/Fashion-Graduation-Thesis/backend/src/main/java/com/skaly/fashion_backend/common/DataSeeder.java:[63,83] cannot find symbol
[ERROR]   symbol:   method description(java.lang.String)
[ERROR]   location: class com.skaly.fashion_backend.product.Category.CategoryBuilder
[ERROR] /D:/CodeFile/Fashion-Graduation-Thesis/backend/src/main/java/com/skaly/fashion_backend/common/DataSeeder.java:[65,75] cannot find symbol
[ERROR]   symbol:   method description(java.lang.String)
[ERROR]   location: class com.skaly.fashion_backend.product.Category.CategoryBuilder
[ERROR] /D:/CodeFile/Fashion-Graduation-Thesis/backend/src/main/java/com/skaly/fashion_backend/common/DataSeeder.java:[67,85] cannot find symbol
[ERROR]   symbol:   method description(java.lang.String)
[ERROR]   location: class com.skaly.fashion_backend.product.Category.CategoryBuilder
[ERROR] -> [Help 1]
[ERROR] 
[ERROR] To see the full stack trace of the errors, re-run Maven with the -e switch.
[ERROR] Re-run Maven using the -X switch to enable full debug logging.
[ERROR] 
[ERROR] For more information about the errors and possible solutions, please read the following articles:
[ERROR] [Help 1] http://cwiki.apache.org/confluence/display/MAVEN/MojoFailureException
